test_all_nine_invariants_at_all_standing_stages (test_constitution.ModelEvidenceConstitutionTests.test_all_nine_invariants_at_all_standing_stages) ... ok
test_independent_path_shares_no_scorer_code (test_constitution.ModelEvidenceConstitutionTests.test_independent_path_shares_no_scorer_code) ... ok
test_masked_absent_and_identical_predictions_are_zero (test_constitution.ModelEvidenceConstitutionTests.test_masked_absent_and_identical_predictions_are_zero) ... ok
test_static_no_evidence_sequence_preserves_prior (test_constitution.ModelEvidenceConstitutionTests.test_static_no_evidence_sequence_preserves_prior) ... ok
test_formation_composition_checks_are_exact (test_constitution.RevisedGradedUpdateConstitutionTests.test_formation_composition_checks_are_exact) ... ok
test_four_part_criterion_passes_all_standing_stages (test_constitution.RevisedGradedUpdateConstitutionTests.test_four_part_criterion_passes_all_standing_stages) ... ok
test_frozen_information_bound_and_implied_binary_bound (test_constitution.RevisedGradedUpdateConstitutionTests.test_frozen_information_bound_and_implied_binary_bound) ... ok
test_homotopy_exact_analytic_finite_and_path_independent (test_constitution.RevisedGradedUpdateConstitutionTests.test_homotopy_exact_analytic_finite_and_path_independent) ... ok
test_stratified_publisher_is_descriptive_not_criterial (test_constitution.RevisedGradedUpdateConstitutionTests.test_stratified_publisher_is_descriptive_not_criterial) ... ok
test_update_identity_and_no_authored_winner (test_constitution.RevisedGradedUpdateConstitutionTests.test_update_identity_and_no_authored_winner) ... ok
test_ordered_addendum_overlays_base_and_records_custody (test_manifest_chain.ManifestChainTests.test_ordered_addendum_overlays_base_and_records_custody) ... ok
test_all_semantic_graphs_match_independent_enumeration (test_v20_kernel.KernelTests.test_all_semantic_graphs_match_independent_enumeration) ... ok
test_audit_rejects_nonposterior_values (test_v20_kernel.KernelTests.test_audit_rejects_nonposterior_values) ... ok
test_component_rng_is_deterministic_and_seed_guarded (test_v20_kernel.KernelTests.test_component_rng_is_deterministic_and_seed_guarded) ... ok
test_every_declared_semantic_posterior_is_oracle_checkable (test_v20_kernel.KernelTests.test_every_declared_semantic_posterior_is_oracle_checkable) ... ok
test_factor_deletion_and_mutation_are_detectable (test_v20_kernel.KernelTests.test_factor_deletion_and_mutation_are_detectable) ... ok
test_invalid_factor_and_model_declarations_fail (test_v20_kernel.KernelTests.test_invalid_factor_and_model_declarations_fail) ... ok
test_nested_model_comparison_matches_analytic_answer (test_v20_kernel.KernelTests.test_nested_model_comparison_matches_analytic_answer) ... ok
test_one_posterior_state_has_no_other_fields (test_v20_kernel.KernelTests.test_one_posterior_state_has_no_other_fields) ... ok
test_recovery_and_calibration (test_v20_kernel.KernelTests.test_recovery_and_calibration) ... ok
test_broadcast_changes_depth_not_local_calculation (test_v21_precision.PrecisionTests.test_broadcast_changes_depth_not_local_calculation) ... ok
test_cumulative_v20_regression (test_v21_precision.PrecisionTests.test_cumulative_v20_regression) ... ok
test_extended_model_posterior_matches_oracle (test_v21_precision.PrecisionTests.test_extended_model_posterior_matches_oracle) ... ok
test_full_seed_block_is_paired_and_oracle_checked (test_v21_precision.PrecisionTests.test_full_seed_block_is_paired_and_oracle_checked) ... ok
test_global_inference_changes_evidence_for_another_latent (test_v21_precision.PrecisionTests.test_global_inference_changes_evidence_for_another_latent) ... ok
test_open_assays_have_unlabeled_four_regimes_and_comparator (test_v21_precision.PrecisionTests.test_open_assays_have_unlabeled_four_regimes_and_comparator) ... ok
test_precision_changes_likelihood_entering_inference (test_v21_precision.PrecisionTests.test_precision_changes_likelihood_entering_inference) ... ok
test_precision_recovery (test_v21_precision.PrecisionTests.test_precision_recovery) ... ok
test_all_cumulative_strains_pass (test_v221_association.AssociationRepairTests.test_all_cumulative_strains_pass) ... ok
test_exact_zero_and_slab_finite_comparison (test_v221_association.AssociationRepairTests.test_exact_zero_and_slab_finite_comparison) ... ok
test_existence_and_slab_recovery (test_v221_association.AssociationRepairTests.test_existence_and_slab_recovery) ... ok
test_model_average_is_not_a_threshold_or_clamp (test_v221_association.AssociationRepairTests.test_model_average_is_not_a_threshold_or_clamp) ... ok
test_repaired_open_floor_and_associated_transfer (test_v221_association.AssociationRepairTests.test_repaired_open_floor_and_associated_transfer) ... ok
test_association_lesion_removes_transfer_not_local_uptake (test_v22_root.RootTransferTests.test_association_lesion_removes_transfer_not_local_uptake) ... ok
test_association_parameter_recovery (test_v22_root.RootTransferTests.test_association_parameter_recovery) ... ok
test_broadcast_off_first_face (test_v22_root.RootTransferTests.test_broadcast_off_first_face) ... ok
test_full_seed_block_and_cumulative_regression (test_v22_root.RootTransferTests.test_full_seed_block_and_cumulative_regression) ... ok
test_no_transfer_parameter_in_model_factory (test_v22_root.RootTransferTests.test_no_transfer_parameter_in_model_factory) ... ok
test_root_model_matches_independent_oracle (test_v22_root.RootTransferTests.test_root_model_matches_independent_oracle) ... ok
test_structure_recovery (test_v22_root.RootTransferTests.test_structure_recovery) ... ok
test_three_way_precision_seam_and_mediation (test_v22_root.RootTransferTests.test_three_way_precision_seam_and_mediation) ... ok
test_transfer_follows_association_not_similarity (test_v22_root.RootTransferTests.test_transfer_follows_association_not_similarity) ... ok
test_exact_comparison_and_analytic_step_bound (test_v231_formation.BoundedFormationTests.test_exact_comparison_and_analytic_step_bound) ... ok
test_no_formation_write_rule (test_v231_formation.BoundedFormationTests.test_no_formation_write_rule) ... ok
test_original_open_gates_and_continuity (test_v231_formation.BoundedFormationTests.test_original_open_gates_and_continuity) ... ok
test_retired_generalization_ledger_remains_rescinded (test_v231_formation.BoundedFormationTests.test_retired_generalization_ledger_remains_rescinded) ... ok
test_retired_recovery_ledger_remains_rescinded (test_v231_formation.BoundedFormationTests.test_retired_recovery_ledger_remains_rescinded) ... ok
test_selective_lesions_and_audit (test_v231_formation.BoundedFormationTests.test_selective_lesions_and_audit) ... ok
test_equally_predicted_outcome_contributes_unit_bf (test_v231r_neutrality.NeutralityRepairTests.test_equally_predicted_outcome_contributes_unit_bf) ... ok
test_masked_slice_bf_is_one_for_both_interventions (test_v231r_neutrality.NeutralityRepairTests.test_masked_slice_bf_is_one_for_both_interventions) ... ok
test_masked_slice_bf_is_one_for_generated_action (test_v231r_neutrality.NeutralityRepairTests.test_masked_slice_bf_is_one_for_generated_action) ... ok
test_repeated_masked_slices_follow_only_declared_transition (test_v231r_neutrality.NeutralityRepairTests.test_repeated_masked_slices_follow_only_declared_transition) ... ok
test_environment_policy_separation_and_probe (test_v232_attribution.AttributionSemanticsTests.test_environment_policy_separation_and_probe) ... ok
test_exact_spike_enumeration_and_continuity (test_v232_attribution.AttributionSemanticsTests.test_exact_spike_enumeration_and_continuity) ... ok
test_k_is_a_readout_and_state_obeys_one_posterior_rule (test_v232_attribution.AttributionSemanticsTests.test_k_is_a_readout_and_state_obeys_one_posterior_rule) ... ok
test_masking_action_and_exact_efficacy_semantics (test_v232_attribution.AttributionSemanticsTests.test_masking_action_and_exact_efficacy_semantics) ... ok
test_no_boolean_write_and_anti_authoring_assertions (test_v232_attribution.AttributionSemanticsTests.test_no_boolean_write_and_anti_authoring_assertions) ... ok
test_relief_update_has_no_environment_argument (test_v232_attribution.AttributionSemanticsTests.test_relief_update_has_no_environment_argument) ... ok
test_lesions_target_only_declared_routes (test_v232_formation.StaticFormationTests.test_lesions_target_only_declared_routes) ... ok
test_no_accumulator_transition_or_boolean_write (test_v232_formation.StaticFormationTests.test_no_accumulator_transition_or_boolean_write) ... ok
test_normalization_zeros_decomposition_and_enumeration (test_v232_formation.StaticFormationTests.test_normalization_zeros_decomposition_and_enumeration) ... ok
test_pathways_and_analytic_bound (test_v232_formation.StaticFormationTests.test_pathways_and_analytic_bound) ... ok
test_sign_table_has_all_zero_and_discriminating_rows (test_v232_formation.StaticFormationTests.test_sign_table_has_all_zero_and_discriminating_rows) ... ok
test_static_no_event_and_masked_histories (test_v232_formation.StaticFormationTests.test_static_no_event_and_masked_histories) ... ok
test_all_twelve_semantic_proofs (test_v233.AvailabilityMaintenanceTests.test_all_twelve_semantic_proofs) ... ok
test_canonical_hash_and_clones_are_bitwise (test_v233.AvailabilityMaintenanceTests.test_canonical_hash_and_clones_are_bitwise) ... ok
test_complete_censoring_preserves_log_odds (test_v233.AvailabilityMaintenanceTests.test_complete_censoring_preserves_log_odds) ... ok
test_forbidden_paths_absent (test_v233.AvailabilityMaintenanceTests.test_forbidden_paths_absent) ... ok
test_gate_2_bank_qualification (test_v233.AvailabilityMaintenanceTests.test_gate_2_bank_qualification) ... ok
test_gate_3_open_assays (test_v233.AvailabilityMaintenanceTests.test_gate_3_open_assays) ... ok
test_gate_4_lesions (test_v233.AvailabilityMaintenanceTests.test_gate_4_lesions) ... ok
test_gate_5_robustness (test_v233.AvailabilityMaintenanceTests.test_gate_5_robustness) ... ok
test_missing_is_exactly_neutral_under_every_action_and_dose (test_v233.AvailabilityMaintenanceTests.test_missing_is_exactly_neutral_under_every_action_and_dose) ... ok
test_strata_have_disjoint_frozen_boundaries (test_v233.AvailabilityMaintenanceTests.test_strata_have_disjoint_frozen_boundaries) ... ok
test_development_guard_remains_default (test_v233_seed_authorization.EvaluatorSeedAuthorizationTests.test_development_guard_remains_default) ... ok
test_explicit_released_block_is_narrow (test_v233_seed_authorization.EvaluatorSeedAuthorizationTests.test_explicit_released_block_is_narrow) ... ok
test_open_development_state_is_byte_identical (test_v233_seed_authorization.EvaluatorSeedAuthorizationTests.test_open_development_state_is_byte_identical) ... ok
test_finite_comparison_and_action_transition (test_v23_formation.FormationTests.test_finite_comparison_and_action_transition) ... ok
test_one_posterior_and_cumulative_gates (test_v23_formation.FormationTests.test_one_posterior_and_cumulative_gates) ... ok
test_open_assays_and_realized_chain (test_v23_formation.FormationTests.test_open_assays_and_realized_chain) ... ok
test_recovery (test_v23_formation.FormationTests.test_recovery) ... ok
test_selective_lesions (test_v23_formation.FormationTests.test_selective_lesions) ... ok
test_three_routes_are_likelihood_or_posterior_effects (test_v23_formation.FormationTests.test_three_routes_are_likelihood_or_posterior_effects) ... ok
test_all_families_execute_at_supported_nonprimary_cue_counts (test_v24.ContextIndexedRedescriptionTests.test_all_families_execute_at_supported_nonprimary_cue_counts) ... ok
test_all_sixteen_semantic_proofs (test_v24.ContextIndexedRedescriptionTests.test_all_sixteen_semantic_proofs) ... ok
test_every_pairwise_update_is_published_log_bf (test_v24.ContextIndexedRedescriptionTests.test_every_pairwise_update_is_published_log_bf) ... ok
test_independent_oracle_shares_no_scorer (test_v24.ContextIndexedRedescriptionTests.test_independent_oracle_shares_no_scorer) ... ok
test_missing_history_is_exactly_structure_neutral (test_v24.ContextIndexedRedescriptionTests.test_missing_history_is_exactly_structure_neutral) ... ok
test_partition_identity_for_every_family (test_v24.ContextIndexedRedescriptionTests.test_partition_identity_for_every_family) ... ok
test_bma_identity (test_v243.V243Tests.test_bma_identity) ... ok
test_bounds_named (test_v243.V243Tests.test_bounds_named) ... ok
test_path_oracle_and_partition (test_v243.V243Tests.test_path_oracle_and_partition) ... ok
test_compound_statistic_oracle (test_v244.V244Tests.test_compound_statistic_oracle) ... ok
test_randomization_custody (test_v244.V244Tests.test_randomization_custody) ... ok
test_rank_formula (test_v244.V244Tests.test_rank_formula) ... ok
test_bridge_trajectory_uses_contract_endpoint_reliability (test_v25a.EvidencePresentationTests.test_bridge_trajectory_uses_contract_endpoint_reliability) ... ok
test_cs_delta_matches_independent_enumeration (test_v25a.EvidencePresentationTests.test_cs_delta_matches_independent_enumeration) ... ok
test_derived_candidate_one_posterior_audit (test_v25a.EvidencePresentationTests.test_derived_candidate_one_posterior_audit) ... ok
test_dose_operator_preserves_channel_multisets (test_v25a.EvidencePresentationTests.test_dose_operator_preserves_channel_multisets) ... ok
test_factorized_families_are_exact_zero (test_v25a.EvidencePresentationTests.test_factorized_families_are_exact_zero) ... ok
test_formed_bridge_format_decomposes (test_v25a.EvidencePresentationTests.test_formed_bridge_format_decomposes) ... ok
test_information_dose_is_monotone (test_v25a.EvidencePresentationTests.test_information_dose_is_monotone) ... ok
test_marginal_bound_is_not_distinct (test_v25a.EvidencePresentationTests.test_marginal_bound_is_not_distinct) ... ok
test_matching_scan_matches_independent_oracle (test_v25a.EvidencePresentationTests.test_matching_scan_matches_independent_oracle) ... ok
test_missing_slice_is_neutral_under_both_presentations (test_v25a.EvidencePresentationTests.test_missing_slice_is_neutral_under_both_presentations) ... ok
test_01_every_process_primitive_normalizes_and_scores (test_v2g0_grammar.V2G0GrammarSemanticProofs.test_01_every_process_primitive_normalizes_and_scores) ... ok
test_02_exact_onset_window_mass (test_v2g0_grammar.V2G0GrammarSemanticProofs.test_02_exact_onset_window_mass) ... ok
test_03_exact_recurrence_conditioned_normalizer (test_v2g0_grammar.V2G0GrammarSemanticProofs.test_03_exact_recurrence_conditioned_normalizer) ... ok
test_04_subset_scoping_is_published (test_v2g0_grammar.V2G0GrammarSemanticProofs.test_04_subset_scoping_is_published) ... ok
test_05_disjoint_product_composition (test_v2g0_grammar.V2G0GrammarSemanticProofs.test_05_disjoint_product_composition) ... ok
test_06_shared_latent_composition (test_v2g0_grammar.V2G0GrammarSemanticProofs.test_06_shared_latent_composition) ... ok
test_07_mixture_has_explicit_finite_variable (test_v2g0_grammar.V2G0GrammarSemanticProofs.test_07_mixture_has_explicit_finite_variable) ... ok
test_08_mixed_drift_plus_recurrent_context (test_v2g0_grammar.V2G0GrammarSemanticProofs.test_08_mixed_drift_plus_recurrent_context) ... ok
test_09_action_is_an_intervention_not_world_evidence (test_v2g0_grammar.V2G0GrammarSemanticProofs.test_09_action_is_an_intervention_not_world_evidence) ... ok
test_10_missingness_is_candidate_common_and_neutral (test_v2g0_grammar.V2G0GrammarSemanticProofs.test_10_missingness_is_candidate_common_and_neutral) ... ok
test_11_generic_bridge_accepts_multiple_families (test_v2g0_grammar.V2G0GrammarSemanticProofs.test_11_generic_bridge_accepts_multiple_families) ... ok
test_12_independent_log_probability_parity (test_v2g0_grammar.V2G0GrammarSemanticProofs.test_12_independent_log_probability_parity) ... ok
test_13_no_protocol_label_available_to_inference (test_v2g0_grammar.V2G0GrammarSemanticProofs.test_13_no_protocol_label_available_to_inference) ... ok
test_14_rng_keys_have_all_four_required_parts (test_v2g0_grammar.V2G0GrammarSemanticProofs.test_14_rng_keys_have_all_four_required_parts) ... ok
test_15_sealed_escrow_is_inaccessible (test_v2g0_grammar.V2G0GrammarSemanticProofs.test_15_sealed_escrow_is_inaccessible) ... ok
test_16_diagnosis_seeds_are_inaccessible_to_public_sampler (test_v2g0_grammar.V2G0GrammarSemanticProofs.test_16_diagnosis_seeds_are_inaccessible_to_public_sampler) ... ok
test_17_schema_dry_run_is_deterministic_and_score_free (test_v2g0_grammar.V2G0GrammarSemanticProofs.test_17_schema_dry_run_is_deterministic_and_score_free) ... ok
test_18_overlapping_product_scopes_are_rejected (test_v2g0_grammar.V2G0GrammarSemanticProofs.test_18_overlapping_product_scopes_are_rejected) ... ok
test_19_unnormalized_transition_is_rejected (test_v2g0_grammar.V2G0GrammarSemanticProofs.test_19_unnormalized_transition_is_rejected) ... ok
test_20_bounded_continuous_iid_has_exact_density (test_v2g0_grammar.V2G0GrammarSemanticProofs.test_20_bounded_continuous_iid_has_exact_density) ... ok
test_21_minimum_visit_restriction_is_exact (test_v2g0_grammar.V2G0GrammarSemanticProofs.test_21_minimum_visit_restriction_is_exact) ... ok
test_22_conditioned_sampling_uses_no_seed_rejection (test_v2g0_grammar.V2G0GrammarSemanticProofs.test_22_conditioned_sampling_uses_no_seed_rejection) ... ok
test_23_trace_contains_every_custody_field (test_v2g0_grammar.V2G0GrammarSemanticProofs.test_23_trace_contains_every_custody_field) ... ok
test_24_joint_policy_vector_conditions_outcome (test_v2g0_grammar.V2G0GrammarSemanticProofs.test_24_joint_policy_vector_conditions_outcome) ... ok
test_25_gate_runner_custody_regressions (test_v2g0_grammar.V2G0GrammarSemanticProofs.test_25_gate_runner_custody_regressions) ... ok
test_26_file_based_seed_release_and_development_identity (test_v2g0_grammar.V2G0GrammarSemanticProofs.test_26_file_based_seed_release_and_development_identity) ... ok

----------------------------------------------------------------------
Ran 131 tests in 431.294s

OK
