PASS tests.test_constitution 0.919s
PASS tests.test_manifest_chain 0.110s
PASS tests.test_performance_amendment_1 11.919s
PASS tests.test_v20_kernel 0.901s
PASS tests.test_v21_precision 1.795s
PASS tests.test_v221_association 4.444s
PASS tests.test_v22_root 3.451s
PASS tests.test_v231_formation 52.895s
PASS tests.test_v231r_neutrality 0.619s
PASS tests.test_v232_attribution 0.159s
PASS tests.test_v232_formation 0.171s
PASS tests.test_v233 26.530s
PASS tests.test_v233_seed_authorization 0.135s
PASS tests.test_v23_formation 22.211s
PASS tests.test_v24 0.270s
PASS tests.test_v243 0.157s
PASS tests.test_v244 0.121s
PASS tests.test_v25a 0.370s
PASS tests.test_v25a_completion 0.118s
PASS tests.test_v2g0_grammar 0.188s
modules=20 failures=0 elapsed=52.904s
